python : Traceback (most recent call last):
En línea: 1 Carácter: 60
+ ... t -ErrorAction SilentlyContinue; python test_opcion_c.py 2>&1 | Tee-O ...
+                                      ~~~~~~~~~~~~~~~~~~~~~~~~~~~~
    + CategoryInfo          : NotSpecified: (Traceback (most recent call last) 
   ::String) [], RemoteException
    + FullyQualifiedErrorId : NativeCommandError
 
  File "C:\Users\santi\OneDrive\Escritorio\Dataset\Intento2\test_opcion_c.py", 
line 20, in <module>
    from inference_jetson import PipelineJetson
  File "C:\Users\santi\OneDrive\Escritorio\Dataset\Intento2\deploy\inference_je
tson.py", line 925
    print(f"[DEBUG_0] RAW OCR: {plate_text}")
IndentationError: unexpected indent
